[0.235s] Invoking command in '/home/rosdev/ros2_ws/src/my_bot/build/my_bot': CMAKE_PREFIX_PATH=${CMAKE_PREFIX_PATH}:/opt/ros/humble /usr/bin/cmake /home/rosdev/ros2_ws/src/my_bot -DAMENT_CMAKE_SYMLINK_INSTALL=1 -DCMAKE_INSTALL_PREFIX=/home/rosdev/ros2_ws/src/my_bot/install/my_bot
[1.689s] -- The C compiler identification is GNU 11.4.0
[2.535s] -- The CXX compiler identification is GNU 11.4.0
[2.678s] -- Detecting C compiler ABI info
[4.103s] -- Detecting C compiler ABI info - done
[4.169s] -- Check for working C compiler: /usr/bin/cc - skipped
[4.171s] -- Detecting C compile features
[4.173s] -- Detecting C compile features - done
[4.371s] -- Detecting CXX compiler ABI info
[5.574s] -- Detecting CXX compiler ABI info - done
[5.699s] -- Check for working CXX compiler: /usr/bin/c++ - skipped
[5.701s] -- Detecting CXX compile features
[5.709s] -- Detecting CXX compile features - done
[5.890s] -- Found ament_cmake: 1.3.12 (/opt/ros/humble/share/ament_cmake/cmake)
[6.462s] -- Found Python3: /usr/bin/python3 (found version "3.10.12") found components: Interpreter 
[6.757s] -- Override CMake install command with custom implementation using symlinks instead of copying resources
[7.112s] -- Found ament_lint_auto: 0.12.14 (/opt/ros/humble/share/ament_lint_auto/cmake)
[8.695s] -- Added test 'copyright' to check source files copyright and LICENSE
[23.386s] -- Added test 'cppcheck' to perform static code analysis on C / C++ code
[23.390s] -- Configured cppcheck include dirs: 
[23.400s] -- Configured cppcheck exclude dirs and/or files: 
[35.265s] -- Added test 'cpplint' to check C / C++ code against the Google style
[35.266s] -- Configured cpplint exclude dirs and/or files: 
[36.630s] -- Added test 'flake8' to check Python code syntax and style conventions
[39.419s] -- Added test 'lint_cmake' to check CMake code style
[40.856s] -- Added test 'pep257' to check Python code against some of the docstring style conventions in PEP 257
[51.954s] -- Added test 'uncrustify' to check C / C++ code style
[51.956s] -- Configured uncrustify additional arguments: 
[53.243s] -- Added test 'xmllint' to check XML markup files
[53.552s] -- Configuring done
[54.338s] -- Generating done
[54.907s] -- Build files have been written to: /home/rosdev/ros2_ws/src/my_bot/build/my_bot
[54.934s] Invoked command in '/home/rosdev/ros2_ws/src/my_bot/build/my_bot' returned '0': CMAKE_PREFIX_PATH=${CMAKE_PREFIX_PATH}:/opt/ros/humble /usr/bin/cmake /home/rosdev/ros2_ws/src/my_bot -DAMENT_CMAKE_SYMLINK_INSTALL=1 -DCMAKE_INSTALL_PREFIX=/home/rosdev/ros2_ws/src/my_bot/install/my_bot
[54.973s] Invoking command in '/home/rosdev/ros2_ws/src/my_bot/build/my_bot': CMAKE_PREFIX_PATH=${CMAKE_PREFIX_PATH}:/opt/ros/humble /usr/bin/cmake --build /home/rosdev/ros2_ws/src/my_bot/build/my_bot -- -j8 -l8
[55.251s] Invoked command in '/home/rosdev/ros2_ws/src/my_bot/build/my_bot' returned '0': CMAKE_PREFIX_PATH=${CMAKE_PREFIX_PATH}:/opt/ros/humble /usr/bin/cmake --build /home/rosdev/ros2_ws/src/my_bot/build/my_bot -- -j8 -l8
[55.325s] Invoking command in '/home/rosdev/ros2_ws/src/my_bot/build/my_bot': CMAKE_PREFIX_PATH=${CMAKE_PREFIX_PATH}:/opt/ros/humble /usr/bin/cmake --install /home/rosdev/ros2_ws/src/my_bot/build/my_bot
[55.361s] -- Install configuration: ""
[55.383s] -- Execute custom install script
[55.467s] -- Symlinking: /home/rosdev/ros2_ws/src/my_bot/install/my_bot/share/my_bot/config/empty.yaml
[55.973s] -- Symlinking: /home/rosdev/ros2_ws/src/my_bot/install/my_bot/share/my_bot/description/robot.urdf.xacro
[56.221s] -- Symlinking: /home/rosdev/ros2_ws/src/my_bot/install/my_bot/share/my_bot/description/robot_core.xacro
[56.385s] -- Symlinking: /home/rosdev/ros2_ws/src/my_bot/install/my_bot/share/my_bot/launch/rsp.launch.py
[56.507s] -- Symlinking: /home/rosdev/ros2_ws/src/my_bot/install/my_bot/share/my_bot/worlds/empty.world
[56.654s] -- Symlinking: /home/rosdev/ros2_ws/src/my_bot/install/my_bot/share/ament_index/resource_index/package_run_dependencies/my_bot
[56.798s] -- Symlinking: /home/rosdev/ros2_ws/src/my_bot/install/my_bot/share/ament_index/resource_index/parent_prefix_path/my_bot
[56.921s] -- Symlinking: /home/rosdev/ros2_ws/src/my_bot/install/my_bot/share/my_bot/environment/ament_prefix_path.sh
[57.032s] -- Symlinking: /home/rosdev/ros2_ws/src/my_bot/install/my_bot/share/my_bot/environment/ament_prefix_path.dsv
[57.159s] -- Symlinking: /home/rosdev/ros2_ws/src/my_bot/install/my_bot/share/my_bot/environment/path.sh
[57.274s] -- Symlinking: /home/rosdev/ros2_ws/src/my_bot/install/my_bot/share/my_bot/environment/path.dsv
[57.364s] -- Symlinking: /home/rosdev/ros2_ws/src/my_bot/install/my_bot/share/my_bot/local_setup.bash
[57.478s] -- Symlinking: /home/rosdev/ros2_ws/src/my_bot/install/my_bot/share/my_bot/local_setup.sh
[57.567s] -- Symlinking: /home/rosdev/ros2_ws/src/my_bot/install/my_bot/share/my_bot/local_setup.zsh
[57.648s] -- Symlinking: /home/rosdev/ros2_ws/src/my_bot/install/my_bot/share/my_bot/local_setup.dsv
[57.740s] -- Symlinking: /home/rosdev/ros2_ws/src/my_bot/install/my_bot/share/my_bot/package.dsv
[57.915s] -- Symlinking: /home/rosdev/ros2_ws/src/my_bot/install/my_bot/share/ament_index/resource_index/packages/my_bot
[58.115s] -- Symlinking: /home/rosdev/ros2_ws/src/my_bot/install/my_bot/share/my_bot/cmake/my_botConfig.cmake
[58.228s] -- Symlinking: /home/rosdev/ros2_ws/src/my_bot/install/my_bot/share/my_bot/cmake/my_botConfig-version.cmake
[58.308s] -- Symlinking: /home/rosdev/ros2_ws/src/my_bot/install/my_bot/share/my_bot/package.xml
[58.373s] Invoked command in '/home/rosdev/ros2_ws/src/my_bot/build/my_bot' returned '0': CMAKE_PREFIX_PATH=${CMAKE_PREFIX_PATH}:/opt/ros/humble /usr/bin/cmake --install /home/rosdev/ros2_ws/src/my_bot/build/my_bot
