[0.168s] DEBUG:colcon:Command line arguments: ['/usr/bin/colcon', 'build', '--symlink-install']
[0.169s] DEBUG:colcon:Parsed command line arguments: Namespace(log_base=None, log_level=None, verb_name='build', build_base='build', install_base='install', merge_install=False, symlink_install=True, test_result_base=None, continue_on_error=False, executor='parallel', parallel_workers=8, event_handlers=None, ignore_user_meta=False, metas=['./colcon.meta'], base_paths=['.'], packages_ignore=None, packages_ignore_regex=None, paths=None, packages_up_to=None, packages_up_to_regex=None, packages_above=None, packages_above_and_dependencies=None, packages_above_depth=None, packages_select_by_dep=None, packages_skip_by_dep=None, packages_skip_up_to=None, packages_select_build_failed=False, packages_skip_build_finished=False, packages_select_test_failures=False, packages_skip_test_passed=False, packages_select=None, packages_skip=None, packages_select_regex=None, packages_skip_regex=None, packages_start=None, packages_end=None, cmake_args=None, cmake_target=None, cmake_target_skip_unavailable=False, cmake_clean_cache=False, cmake_clean_first=False, cmake_force_configure=False, ament_cmake_args=None, catkin_cmake_args=None, catkin_skip_building_tests=False, mixin_files=None, mixin=None, verb_parser=<colcon_mixin.mixin.mixin_argument.MixinArgumentDecorator object at 0x732f3a991de0>, verb_extension=<colcon_core.verb.build.BuildVerb object at 0x732f3aa9ed10>, main=<bound method BuildVerb.main of <colcon_core.verb.build.BuildVerb object at 0x732f3aa9ed10>>, mixin_verb=('build',))
[0.601s] Level 1:colcon.colcon_core.package_discovery:discover_packages(colcon_meta) check parameters
[0.602s] Level 1:colcon.colcon_core.package_discovery:discover_packages(recursive) check parameters
[0.602s] Level 1:colcon.colcon_core.package_discovery:discover_packages(ignore) check parameters
[0.603s] Level 1:colcon.colcon_core.package_discovery:discover_packages(path) check parameters
[0.603s] Level 1:colcon.colcon_core.package_discovery:discover_packages(colcon_meta) discover
[0.603s] Level 1:colcon.colcon_core.package_discovery:discover_packages(recursive) discover
[0.604s] INFO:colcon.colcon_core.package_discovery:Crawling recursively for packages in '/home/rosdev/ros2_ws/src/my_bot'
[0.607s] Level 1:colcon.colcon_core.package_identification:_identify(.) by extensions ['ignore', 'ignore_ament_install']
[0.607s] Level 1:colcon.colcon_core.package_identification:_identify(.) by extension 'ignore'
[0.608s] Level 1:colcon.colcon_core.package_identification:_identify(.) by extension 'ignore_ament_install'
[0.609s] Level 1:colcon.colcon_core.package_identification:_identify(.) by extensions ['colcon_pkg']
[0.609s] Level 1:colcon.colcon_core.package_identification:_identify(.) by extension 'colcon_pkg'
[0.610s] Level 1:colcon.colcon_core.package_identification:_identify(.) by extensions ['colcon_meta']
[0.610s] Level 1:colcon.colcon_core.package_identification:_identify(.) by extension 'colcon_meta'
[0.610s] Level 1:colcon.colcon_core.package_identification:_identify(.) by extensions ['ros']
[0.611s] Level 1:colcon.colcon_core.package_identification:_identify(.) by extension 'ros'
[0.670s] DEBUG:colcon.colcon_core.package_identification:Package '.' with type 'ros.ament_cmake' and name 'my_bot'
[0.670s] Level 1:colcon.colcon_core.package_discovery:discover_packages(recursive) using defaults
[0.671s] Level 1:colcon.colcon_core.package_discovery:discover_packages(ignore) discover
[0.671s] Level 1:colcon.colcon_core.package_discovery:discover_packages(ignore) using defaults
[0.672s] Level 1:colcon.colcon_core.package_discovery:discover_packages(path) discover
[0.672s] Level 1:colcon.colcon_core.package_discovery:discover_packages(path) using defaults
[0.740s] Level 5:colcon.colcon_core.verb:set package 'my_bot' build argument 'cmake_args' from command line to 'None'
[0.741s] Level 5:colcon.colcon_core.verb:set package 'my_bot' build argument 'cmake_target' from command line to 'None'
[0.741s] Level 5:colcon.colcon_core.verb:set package 'my_bot' build argument 'cmake_target_skip_unavailable' from command line to 'False'
[0.741s] Level 5:colcon.colcon_core.verb:set package 'my_bot' build argument 'cmake_clean_cache' from command line to 'False'
[0.742s] Level 5:colcon.colcon_core.verb:set package 'my_bot' build argument 'cmake_clean_first' from command line to 'False'
[0.742s] Level 5:colcon.colcon_core.verb:set package 'my_bot' build argument 'cmake_force_configure' from command line to 'False'
[0.742s] Level 5:colcon.colcon_core.verb:set package 'my_bot' build argument 'ament_cmake_args' from command line to 'None'
[0.743s] Level 5:colcon.colcon_core.verb:set package 'my_bot' build argument 'catkin_cmake_args' from command line to 'None'
[0.743s] Level 5:colcon.colcon_core.verb:set package 'my_bot' build argument 'catkin_skip_building_tests' from command line to 'False'
[0.744s] DEBUG:colcon.colcon_core.verb:Building package 'my_bot' with the following arguments: {'ament_cmake_args': None, 'build_base': '/home/rosdev/ros2_ws/src/my_bot/build/my_bot', 'catkin_cmake_args': None, 'catkin_skip_building_tests': False, 'cmake_args': None, 'cmake_clean_cache': False, 'cmake_clean_first': False, 'cmake_force_configure': False, 'cmake_target': None, 'cmake_target_skip_unavailable': False, 'install_base': '/home/rosdev/ros2_ws/src/my_bot/install/my_bot', 'merge_install': False, 'path': '/home/rosdev/ros2_ws/src/my_bot', 'symlink_install': True, 'test_result_base': None}
[0.744s] INFO:colcon.colcon_core.executor:Executing jobs using 'parallel' executor
[0.746s] DEBUG:colcon.colcon_parallel_executor.executor.parallel:run_until_complete
[0.747s] INFO:colcon.colcon_ros.task.ament_cmake.build:Building ROS package in '/home/rosdev/ros2_ws/src/my_bot' with build type 'ament_cmake'
[0.747s] INFO:colcon.colcon_cmake.task.cmake.build:Building CMake package in '/home/rosdev/ros2_ws/src/my_bot'
[0.769s] INFO:colcon.colcon_core.plugin_system:Skipping extension 'colcon_core.shell.bat': Not used on non-Windows systems
[0.770s] INFO:colcon.colcon_core.shell:Skip shell extension 'powershell' for command environment: Not usable outside of PowerShell
[0.771s] DEBUG:colcon.colcon_core.shell:Skip shell extension 'dsv' for command environment
[0.988s] DEBUG:colcon.colcon_core.event_handler.log_command:Invoking command in '/home/rosdev/ros2_ws/src/my_bot/build/my_bot': CMAKE_PREFIX_PATH=${CMAKE_PREFIX_PATH}:/opt/ros/humble /usr/bin/cmake /home/rosdev/ros2_ws/src/my_bot -DAMENT_CMAKE_SYMLINK_INSTALL=1 -DCMAKE_INSTALL_PREFIX=/home/rosdev/ros2_ws/src/my_bot/install/my_bot
[55.684s] DEBUG:colcon.colcon_core.event_handler.log_command:Invoked command in '/home/rosdev/ros2_ws/src/my_bot/build/my_bot' returned '0': CMAKE_PREFIX_PATH=${CMAKE_PREFIX_PATH}:/opt/ros/humble /usr/bin/cmake /home/rosdev/ros2_ws/src/my_bot -DAMENT_CMAKE_SYMLINK_INSTALL=1 -DCMAKE_INSTALL_PREFIX=/home/rosdev/ros2_ws/src/my_bot/install/my_bot
[55.720s] DEBUG:colcon.colcon_core.event_handler.log_command:Invoking command in '/home/rosdev/ros2_ws/src/my_bot/build/my_bot': CMAKE_PREFIX_PATH=${CMAKE_PREFIX_PATH}:/opt/ros/humble /usr/bin/cmake --build /home/rosdev/ros2_ws/src/my_bot/build/my_bot -- -j8 -l8
[55.998s] DEBUG:colcon.colcon_core.event_handler.log_command:Invoked command in '/home/rosdev/ros2_ws/src/my_bot/build/my_bot' returned '0': CMAKE_PREFIX_PATH=${CMAKE_PREFIX_PATH}:/opt/ros/humble /usr/bin/cmake --build /home/rosdev/ros2_ws/src/my_bot/build/my_bot -- -j8 -l8
[56.072s] DEBUG:colcon.colcon_core.event_handler.log_command:Invoking command in '/home/rosdev/ros2_ws/src/my_bot/build/my_bot': CMAKE_PREFIX_PATH=${CMAKE_PREFIX_PATH}:/opt/ros/humble /usr/bin/cmake --install /home/rosdev/ros2_ws/src/my_bot/build/my_bot
[59.117s] Level 1:colcon.colcon_core.environment:create_environment_scripts_only(my_bot)
[59.120s] DEBUG:colcon.colcon_core.event_handler.log_command:Invoked command in '/home/rosdev/ros2_ws/src/my_bot/build/my_bot' returned '0': CMAKE_PREFIX_PATH=${CMAKE_PREFIX_PATH}:/opt/ros/humble /usr/bin/cmake --install /home/rosdev/ros2_ws/src/my_bot/build/my_bot
[59.143s] Level 1:colcon.colcon_core.environment:checking '/home/rosdev/ros2_ws/src/my_bot/install/my_bot' for CMake module files
[59.504s] Level 1:colcon.colcon_core.environment:checking '/home/rosdev/ros2_ws/src/my_bot/install/my_bot' for CMake config files
[59.752s] Level 1:colcon.colcon_core.shell:create_environment_hook('my_bot', 'cmake_prefix_path')
[59.753s] INFO:colcon.colcon_core.shell:Creating environment hook '/home/rosdev/ros2_ws/src/my_bot/install/my_bot/share/my_bot/hook/cmake_prefix_path.ps1'
[59.801s] INFO:colcon.colcon_core.shell:Creating environment descriptor '/home/rosdev/ros2_ws/src/my_bot/install/my_bot/share/my_bot/hook/cmake_prefix_path.dsv'
[59.850s] INFO:colcon.colcon_core.shell:Creating environment hook '/home/rosdev/ros2_ws/src/my_bot/install/my_bot/share/my_bot/hook/cmake_prefix_path.sh'
[59.908s] Level 1:colcon.colcon_core.environment:checking '/home/rosdev/ros2_ws/src/my_bot/install/my_bot/bin'
[59.912s] Level 1:colcon.colcon_core.environment:checking '/home/rosdev/ros2_ws/src/my_bot/install/my_bot/lib/pkgconfig/my_bot.pc'
[59.920s] Level 1:colcon.colcon_core.environment:checking '/home/rosdev/ros2_ws/src/my_bot/install/my_bot/lib/python3.10/site-packages'
[59.924s] Level 1:colcon.colcon_core.environment:checking '/home/rosdev/ros2_ws/src/my_bot/install/my_bot/bin'
[59.930s] INFO:colcon.colcon_core.shell:Creating package script '/home/rosdev/ros2_ws/src/my_bot/install/my_bot/share/my_bot/package.ps1'
[59.958s] INFO:colcon.colcon_core.shell:Creating package descriptor '/home/rosdev/ros2_ws/src/my_bot/install/my_bot/share/my_bot/package.dsv'
[60.005s] INFO:colcon.colcon_core.shell:Creating package script '/home/rosdev/ros2_ws/src/my_bot/install/my_bot/share/my_bot/package.sh'
[60.035s] INFO:colcon.colcon_core.shell:Creating package script '/home/rosdev/ros2_ws/src/my_bot/install/my_bot/share/my_bot/package.bash'
[60.068s] INFO:colcon.colcon_core.shell:Creating package script '/home/rosdev/ros2_ws/src/my_bot/install/my_bot/share/my_bot/package.zsh'
[60.103s] Level 1:colcon.colcon_core.environment:create_file_with_runtime_dependencies(/home/rosdev/ros2_ws/src/my_bot/install/my_bot/share/colcon-core/packages/my_bot)
[60.186s] Level 1:colcon.colcon_core.environment:create_environment_scripts_only(my_bot)
[60.188s] Level 1:colcon.colcon_core.environment:checking '/home/rosdev/ros2_ws/src/my_bot/install/my_bot' for CMake module files
[60.707s] Level 1:colcon.colcon_core.environment:checking '/home/rosdev/ros2_ws/src/my_bot/install/my_bot' for CMake config files
[60.986s] Level 1:colcon.colcon_core.shell:create_environment_hook('my_bot', 'cmake_prefix_path')
[60.987s] INFO:colcon.colcon_core.shell:Creating environment hook '/home/rosdev/ros2_ws/src/my_bot/install/my_bot/share/my_bot/hook/cmake_prefix_path.ps1'
[61.026s] INFO:colcon.colcon_core.shell:Creating environment descriptor '/home/rosdev/ros2_ws/src/my_bot/install/my_bot/share/my_bot/hook/cmake_prefix_path.dsv'
[61.057s] INFO:colcon.colcon_core.shell:Creating environment hook '/home/rosdev/ros2_ws/src/my_bot/install/my_bot/share/my_bot/hook/cmake_prefix_path.sh'
[61.112s] Level 1:colcon.colcon_core.environment:checking '/home/rosdev/ros2_ws/src/my_bot/install/my_bot/bin'
[61.118s] Level 1:colcon.colcon_core.environment:checking '/home/rosdev/ros2_ws/src/my_bot/install/my_bot/lib/pkgconfig/my_bot.pc'
[61.120s] Level 1:colcon.colcon_core.environment:checking '/home/rosdev/ros2_ws/src/my_bot/install/my_bot/lib/python3.10/site-packages'
[61.124s] Level 1:colcon.colcon_core.environment:checking '/home/rosdev/ros2_ws/src/my_bot/install/my_bot/bin'
[61.131s] INFO:colcon.colcon_core.shell:Creating package script '/home/rosdev/ros2_ws/src/my_bot/install/my_bot/share/my_bot/package.ps1'
[61.155s] INFO:colcon.colcon_core.shell:Creating package descriptor '/home/rosdev/ros2_ws/src/my_bot/install/my_bot/share/my_bot/package.dsv'
[61.201s] INFO:colcon.colcon_core.shell:Creating package script '/home/rosdev/ros2_ws/src/my_bot/install/my_bot/share/my_bot/package.sh'
[61.238s] INFO:colcon.colcon_core.shell:Creating package script '/home/rosdev/ros2_ws/src/my_bot/install/my_bot/share/my_bot/package.bash'
[61.282s] INFO:colcon.colcon_core.shell:Creating package script '/home/rosdev/ros2_ws/src/my_bot/install/my_bot/share/my_bot/package.zsh'
[61.313s] Level 1:colcon.colcon_core.environment:create_file_with_runtime_dependencies(/home/rosdev/ros2_ws/src/my_bot/install/my_bot/share/colcon-core/packages/my_bot)
[61.340s] DEBUG:colcon.colcon_parallel_executor.executor.parallel:closing loop
[61.345s] DEBUG:colcon.colcon_parallel_executor.executor.parallel:loop closed
[61.346s] DEBUG:colcon.colcon_parallel_executor.executor.parallel:run_until_complete finished with '0'
[61.346s] DEBUG:colcon.colcon_core.event_reactor:joining thread
[61.497s] INFO:colcon.colcon_core.plugin_system:Skipping extension 'colcon_notification.desktop_notification.notify_send': Could not find 'notify-send'
[61.498s] INFO:colcon.colcon_core.plugin_system:Skipping extension 'colcon_notification.desktop_notification.terminal_notifier': Not used on non-Darwin systems
[61.499s] INFO:colcon.colcon_core.plugin_system:Skipping extension 'colcon_notification.desktop_notification.win32': Not used on non-Windows systems
[61.499s] INFO:colcon.colcon_notification.desktop_notification:Sending desktop notification using 'notify2'
[61.504s] DEBUG:colcon.colcon_notification.desktop_notification.notify2:Failed to initialize notify2: org.freedesktop.DBus.Error.NotSupported: Unable to autolaunch a dbus-daemon without a $DISPLAY for X11
[61.505s] DEBUG:colcon.colcon_core.event_reactor:joined thread
[61.510s] INFO:colcon.colcon_core.shell:Creating prefix script '/home/rosdev/ros2_ws/src/my_bot/install/local_setup.ps1'
[61.526s] INFO:colcon.colcon_core.shell:Creating prefix util module '/home/rosdev/ros2_ws/src/my_bot/install/_local_setup_util_ps1.py'
[61.561s] INFO:colcon.colcon_core.shell:Creating prefix chain script '/home/rosdev/ros2_ws/src/my_bot/install/setup.ps1'
[61.598s] INFO:colcon.colcon_core.shell:Creating prefix script '/home/rosdev/ros2_ws/src/my_bot/install/local_setup.sh'
[61.626s] INFO:colcon.colcon_core.shell:Creating prefix util module '/home/rosdev/ros2_ws/src/my_bot/install/_local_setup_util_sh.py'
[61.648s] INFO:colcon.colcon_core.shell:Creating prefix chain script '/home/rosdev/ros2_ws/src/my_bot/install/setup.sh'
[61.669s] INFO:colcon.colcon_core.shell:Creating prefix script '/home/rosdev/ros2_ws/src/my_bot/install/local_setup.bash'
[61.697s] INFO:colcon.colcon_core.shell:Creating prefix chain script '/home/rosdev/ros2_ws/src/my_bot/install/setup.bash'
[61.719s] INFO:colcon.colcon_core.shell:Creating prefix script '/home/rosdev/ros2_ws/src/my_bot/install/local_setup.zsh'
[61.742s] INFO:colcon.colcon_core.shell:Creating prefix chain script '/home/rosdev/ros2_ws/src/my_bot/install/setup.zsh'
