[0.283s] Invoking command in '/home/rosdev/ros2_ws/src/my_bot/build/my_bot': CMAKE_PREFIX_PATH=${CMAKE_PREFIX_PATH}:/opt/ros/humble /usr/bin/cmake --build /home/rosdev/ros2_ws/src/my_bot/build/my_bot -- -j8 -l8
[0.711s] -- Found ament_cmake: 1.3.12 (/opt/ros/humble/share/ament_cmake/cmake)
[1.096s] -- Override CMake install command with custom implementation using symlinks instead of copying resources
[1.343s] -- Found ament_lint_auto: 0.12.14 (/opt/ros/humble/share/ament_lint_auto/cmake)
[2.552s] -- Added test 'copyright' to check source files copyright and LICENSE
[45.386s] -- Added test 'cppcheck' to perform static code analysis on C / C++ code
[45.389s] -- Configured cppcheck include dirs: 
[45.391s] -- Configured cppcheck exclude dirs and/or files: 
[90.464s] -- Added test 'cpplint' to check C / C++ code against the Google style
[90.466s] -- Configured cpplint exclude dirs and/or files: 
[96.650s] -- Added test 'flake8' to check Python code syntax and style conventions
[108.172s] -- Added test 'lint_cmake' to check CMake code style
[113.147s] -- Added test 'pep257' to check Python code against some of the docstring style conventions in PEP 257
[144.384s] -- Added test 'uncrustify' to check C / C++ code style
[144.385s] -- Configured uncrustify additional arguments: 
[149.048s] -- Added test 'xmllint' to check XML markup files
[149.313s] -- Configuring done
[149.922s] -- Generating done
[150.336s] -- Build files have been written to: /home/rosdev/ros2_ws/src/my_bot/build/my_bot
[150.415s] Invoked command in '/home/rosdev/ros2_ws/src/my_bot/build/my_bot' returned '0': CMAKE_PREFIX_PATH=${CMAKE_PREFIX_PATH}:/opt/ros/humble /usr/bin/cmake --build /home/rosdev/ros2_ws/src/my_bot/build/my_bot -- -j8 -l8
[150.485s] Invoking command in '/home/rosdev/ros2_ws/src/my_bot/build/my_bot': CMAKE_PREFIX_PATH=${CMAKE_PREFIX_PATH}:/opt/ros/humble /usr/bin/cmake --install /home/rosdev/ros2_ws/src/my_bot/build/my_bot
[150.505s] -- Install configuration: ""
[150.525s] -- Execute custom install script
[150.593s] -- Up-to-date symlink: /home/rosdev/ros2_ws/src/my_bot/install/my_bot/share/my_bot/config/empty.yaml
[150.642s] -- Symlinking: /home/rosdev/ros2_ws/src/my_bot/install/my_bot/share/my_bot/description/gazebo_control.xacro
[150.733s] -- Symlinking: /home/rosdev/ros2_ws/src/my_bot/install/my_bot/share/my_bot/description/inertial_macros.xacro
[150.848s] -- Up-to-date symlink: /home/rosdev/ros2_ws/src/my_bot/install/my_bot/share/my_bot/description/robot.urdf.xacro
[150.905s] -- Up-to-date symlink: /home/rosdev/ros2_ws/src/my_bot/install/my_bot/share/my_bot/description/robot_core.xacro
[150.948s] -- Symlinking: /home/rosdev/ros2_ws/src/my_bot/install/my_bot/share/my_bot/launch/gazebo.launch.py
[151.025s] -- Symlinking: /home/rosdev/ros2_ws/src/my_bot/install/my_bot/share/my_bot/launch/launch_sim.launch.py
[151.134s] -- Up-to-date symlink: /home/rosdev/ros2_ws/src/my_bot/install/my_bot/share/my_bot/launch/rsp.launch.py
[151.191s] -- Up-to-date symlink: /home/rosdev/ros2_ws/src/my_bot/install/my_bot/share/my_bot/worlds/empty.world
[151.297s] -- Up-to-date symlink: /home/rosdev/ros2_ws/src/my_bot/install/my_bot/share/ament_index/resource_index/package_run_dependencies/my_bot
[151.405s] -- Up-to-date symlink: /home/rosdev/ros2_ws/src/my_bot/install/my_bot/share/ament_index/resource_index/parent_prefix_path/my_bot
[151.451s] -- Up-to-date symlink: /home/rosdev/ros2_ws/src/my_bot/install/my_bot/share/my_bot/environment/ament_prefix_path.sh
[151.506s] -- Up-to-date symlink: /home/rosdev/ros2_ws/src/my_bot/install/my_bot/share/my_bot/environment/ament_prefix_path.dsv
[151.553s] -- Up-to-date symlink: /home/rosdev/ros2_ws/src/my_bot/install/my_bot/share/my_bot/environment/path.sh
[151.615s] -- Up-to-date symlink: /home/rosdev/ros2_ws/src/my_bot/install/my_bot/share/my_bot/environment/path.dsv
[151.666s] -- Up-to-date symlink: /home/rosdev/ros2_ws/src/my_bot/install/my_bot/share/my_bot/local_setup.bash
[151.725s] -- Up-to-date symlink: /home/rosdev/ros2_ws/src/my_bot/install/my_bot/share/my_bot/local_setup.sh
[151.775s] -- Up-to-date symlink: /home/rosdev/ros2_ws/src/my_bot/install/my_bot/share/my_bot/local_setup.zsh
[151.816s] -- Up-to-date symlink: /home/rosdev/ros2_ws/src/my_bot/install/my_bot/share/my_bot/local_setup.dsv
[151.834s] -- Symlinking: /home/rosdev/ros2_ws/src/my_bot/install/my_bot/share/my_bot/package.dsv
[151.993s] -- Up-to-date symlink: /home/rosdev/ros2_ws/src/my_bot/install/my_bot/share/ament_index/resource_index/packages/my_bot
[152.037s] -- Up-to-date symlink: /home/rosdev/ros2_ws/src/my_bot/install/my_bot/share/my_bot/cmake/my_botConfig.cmake
[152.081s] -- Up-to-date symlink: /home/rosdev/ros2_ws/src/my_bot/install/my_bot/share/my_bot/cmake/my_botConfig-version.cmake
[152.109s] -- Up-to-date symlink: /home/rosdev/ros2_ws/src/my_bot/install/my_bot/share/my_bot/package.xml
[152.167s] -- Up-to-date symlink: /home/rosdev/ros2_ws/src/my_bot/install/my_bot/share/my_bot//launch/gazebo.launch.py
[152.218s] -- Up-to-date symlink: /home/rosdev/ros2_ws/src/my_bot/install/my_bot/share/my_bot//launch/launch_sim.launch.py
[152.265s] -- Up-to-date symlink: /home/rosdev/ros2_ws/src/my_bot/install/my_bot/share/my_bot//launch/rsp.launch.py
[152.278s] Invoked command in '/home/rosdev/ros2_ws/src/my_bot/build/my_bot' returned '0': CMAKE_PREFIX_PATH=${CMAKE_PREFIX_PATH}:/opt/ros/humble /usr/bin/cmake --install /home/rosdev/ros2_ws/src/my_bot/build/my_bot
