[0.418s] DEBUG:colcon:Command line arguments: ['/usr/bin/colcon', 'build', '--symlink-install']
[0.419s] DEBUG:colcon:Parsed command line arguments: Namespace(log_base=None, log_level=None, verb_name='build', build_base='build', install_base='install', merge_install=False, symlink_install=True, test_result_base=None, continue_on_error=False, executor='parallel', parallel_workers=8, event_handlers=None, ignore_user_meta=False, metas=['./colcon.meta'], base_paths=['.'], packages_ignore=None, packages_ignore_regex=None, paths=None, packages_up_to=None, packages_up_to_regex=None, packages_above=None, packages_above_and_dependencies=None, packages_above_depth=None, packages_select_by_dep=None, packages_skip_by_dep=None, packages_skip_up_to=None, packages_select_build_failed=False, packages_skip_build_finished=False, packages_select_test_failures=False, packages_skip_test_passed=False, packages_select=None, packages_skip=None, packages_select_regex=None, packages_skip_regex=None, packages_start=None, packages_end=None, cmake_args=None, cmake_target=None, cmake_target_skip_unavailable=False, cmake_clean_cache=False, cmake_clean_first=False, cmake_force_configure=False, ament_cmake_args=None, catkin_cmake_args=None, catkin_skip_building_tests=False, mixin_files=None, mixin=None, verb_parser=<colcon_mixin.mixin.mixin_argument.MixinArgumentDecorator object at 0x70a503956410>, verb_extension=<colcon_core.verb.build.BuildVerb object at 0x70a503a4b340>, main=<bound method BuildVerb.main of <colcon_core.verb.build.BuildVerb object at 0x70a503a4b340>>, mixin_verb=('build',))
[0.744s] Level 1:colcon.colcon_core.package_discovery:discover_packages(colcon_meta) check parameters
[0.745s] Level 1:colcon.colcon_core.package_discovery:discover_packages(recursive) check parameters
[0.745s] Level 1:colcon.colcon_core.package_discovery:discover_packages(ignore) check parameters
[0.746s] Level 1:colcon.colcon_core.package_discovery:discover_packages(path) check parameters
[0.746s] Level 1:colcon.colcon_core.package_discovery:discover_packages(colcon_meta) discover
[0.747s] Level 1:colcon.colcon_core.package_discovery:discover_packages(recursive) discover
[0.747s] INFO:colcon.colcon_core.package_discovery:Crawling recursively for packages in '/home/rosdev/ros2_ws/src/my_bot'
[0.751s] Level 1:colcon.colcon_core.package_identification:_identify(.) by extensions ['ignore', 'ignore_ament_install']
[0.752s] Level 1:colcon.colcon_core.package_identification:_identify(.) by extension 'ignore'
[0.752s] Level 1:colcon.colcon_core.package_identification:_identify(.) by extension 'ignore_ament_install'
[0.753s] Level 1:colcon.colcon_core.package_identification:_identify(.) by extensions ['colcon_pkg']
[0.754s] Level 1:colcon.colcon_core.package_identification:_identify(.) by extension 'colcon_pkg'
[0.754s] Level 1:colcon.colcon_core.package_identification:_identify(.) by extensions ['colcon_meta']
[0.754s] Level 1:colcon.colcon_core.package_identification:_identify(.) by extension 'colcon_meta'
[0.755s] Level 1:colcon.colcon_core.package_identification:_identify(.) by extensions ['ros']
[0.755s] Level 1:colcon.colcon_core.package_identification:_identify(.) by extension 'ros'
[0.806s] DEBUG:colcon.colcon_core.package_identification:Package '.' with type 'ros.ament_cmake' and name 'my_bot'
[0.806s] Level 1:colcon.colcon_core.package_discovery:discover_packages(recursive) using defaults
[0.807s] Level 1:colcon.colcon_core.package_discovery:discover_packages(ignore) discover
[0.807s] Level 1:colcon.colcon_core.package_discovery:discover_packages(ignore) using defaults
[0.808s] Level 1:colcon.colcon_core.package_discovery:discover_packages(path) discover
[0.809s] Level 1:colcon.colcon_core.package_discovery:discover_packages(path) using defaults
[0.863s] Level 5:colcon.colcon_core.verb:set package 'my_bot' build argument 'cmake_args' from command line to 'None'
[0.864s] Level 5:colcon.colcon_core.verb:set package 'my_bot' build argument 'cmake_target' from command line to 'None'
[0.865s] Level 5:colcon.colcon_core.verb:set package 'my_bot' build argument 'cmake_target_skip_unavailable' from command line to 'False'
[0.865s] Level 5:colcon.colcon_core.verb:set package 'my_bot' build argument 'cmake_clean_cache' from command line to 'False'
[0.866s] Level 5:colcon.colcon_core.verb:set package 'my_bot' build argument 'cmake_clean_first' from command line to 'False'
[0.866s] Level 5:colcon.colcon_core.verb:set package 'my_bot' build argument 'cmake_force_configure' from command line to 'False'
[0.867s] Level 5:colcon.colcon_core.verb:set package 'my_bot' build argument 'ament_cmake_args' from command line to 'None'
[0.867s] Level 5:colcon.colcon_core.verb:set package 'my_bot' build argument 'catkin_cmake_args' from command line to 'None'
[0.868s] Level 5:colcon.colcon_core.verb:set package 'my_bot' build argument 'catkin_skip_building_tests' from command line to 'False'
[0.868s] DEBUG:colcon.colcon_core.verb:Building package 'my_bot' with the following arguments: {'ament_cmake_args': None, 'build_base': '/home/rosdev/ros2_ws/src/my_bot/build/my_bot', 'catkin_cmake_args': None, 'catkin_skip_building_tests': False, 'cmake_args': None, 'cmake_clean_cache': False, 'cmake_clean_first': False, 'cmake_force_configure': False, 'cmake_target': None, 'cmake_target_skip_unavailable': False, 'install_base': '/home/rosdev/ros2_ws/src/my_bot/install/my_bot', 'merge_install': False, 'path': '/home/rosdev/ros2_ws/src/my_bot', 'symlink_install': True, 'test_result_base': None}
[0.869s] INFO:colcon.colcon_core.executor:Executing jobs using 'parallel' executor
[0.871s] DEBUG:colcon.colcon_parallel_executor.executor.parallel:run_until_complete
[0.873s] INFO:colcon.colcon_ros.task.ament_cmake.build:Building ROS package in '/home/rosdev/ros2_ws/src/my_bot' with build type 'ament_cmake'
[0.874s] INFO:colcon.colcon_cmake.task.cmake.build:Building CMake package in '/home/rosdev/ros2_ws/src/my_bot'
[0.882s] INFO:colcon.colcon_core.plugin_system:Skipping extension 'colcon_core.shell.bat': Not used on non-Windows systems
[0.883s] INFO:colcon.colcon_core.shell:Skip shell extension 'powershell' for command environment: Not usable outside of PowerShell
[0.884s] DEBUG:colcon.colcon_core.shell:Skip shell extension 'dsv' for command environment
[1.160s] DEBUG:colcon.colcon_core.event_handler.log_command:Invoking command in '/home/rosdev/ros2_ws/src/my_bot/build/my_bot': CMAKE_PREFIX_PATH=${CMAKE_PREFIX_PATH}:/opt/ros/humble /usr/bin/cmake --build /home/rosdev/ros2_ws/src/my_bot/build/my_bot -- -j8 -l8
[151.280s] DEBUG:colcon.colcon_core.event_handler.log_command:Invoked command in '/home/rosdev/ros2_ws/src/my_bot/build/my_bot' returned '0': CMAKE_PREFIX_PATH=${CMAKE_PREFIX_PATH}:/opt/ros/humble /usr/bin/cmake --build /home/rosdev/ros2_ws/src/my_bot/build/my_bot -- -j8 -l8
[151.351s] DEBUG:colcon.colcon_core.event_handler.log_command:Invoking command in '/home/rosdev/ros2_ws/src/my_bot/build/my_bot': CMAKE_PREFIX_PATH=${CMAKE_PREFIX_PATH}:/opt/ros/humble /usr/bin/cmake --install /home/rosdev/ros2_ws/src/my_bot/build/my_bot
[153.141s] Level 1:colcon.colcon_core.environment:create_environment_scripts_only(my_bot)
[153.144s] DEBUG:colcon.colcon_core.event_handler.log_command:Invoked command in '/home/rosdev/ros2_ws/src/my_bot/build/my_bot' returned '0': CMAKE_PREFIX_PATH=${CMAKE_PREFIX_PATH}:/opt/ros/humble /usr/bin/cmake --install /home/rosdev/ros2_ws/src/my_bot/build/my_bot
[153.162s] Level 1:colcon.colcon_core.environment:checking '/home/rosdev/ros2_ws/src/my_bot/install/my_bot' for CMake module files
[153.373s] Level 1:colcon.colcon_core.environment:checking '/home/rosdev/ros2_ws/src/my_bot/install/my_bot' for CMake config files
[153.555s] Level 1:colcon.colcon_core.shell:create_environment_hook('my_bot', 'cmake_prefix_path')
[153.555s] INFO:colcon.colcon_core.shell:Creating environment hook '/home/rosdev/ros2_ws/src/my_bot/install/my_bot/share/my_bot/hook/cmake_prefix_path.ps1'
[153.585s] INFO:colcon.colcon_core.shell:Creating environment descriptor '/home/rosdev/ros2_ws/src/my_bot/install/my_bot/share/my_bot/hook/cmake_prefix_path.dsv'
[153.614s] INFO:colcon.colcon_core.shell:Creating environment hook '/home/rosdev/ros2_ws/src/my_bot/install/my_bot/share/my_bot/hook/cmake_prefix_path.sh'
[153.657s] Level 1:colcon.colcon_core.environment:checking '/home/rosdev/ros2_ws/src/my_bot/install/my_bot/bin'
[153.661s] Level 1:colcon.colcon_core.environment:checking '/home/rosdev/ros2_ws/src/my_bot/install/my_bot/lib/pkgconfig/my_bot.pc'
[153.671s] Level 1:colcon.colcon_core.environment:checking '/home/rosdev/ros2_ws/src/my_bot/install/my_bot/lib/python3.10/site-packages'
[153.675s] Level 1:colcon.colcon_core.environment:checking '/home/rosdev/ros2_ws/src/my_bot/install/my_bot/bin'
[153.680s] INFO:colcon.colcon_core.shell:Creating package script '/home/rosdev/ros2_ws/src/my_bot/install/my_bot/share/my_bot/package.ps1'
[153.706s] INFO:colcon.colcon_core.shell:Creating package descriptor '/home/rosdev/ros2_ws/src/my_bot/install/my_bot/share/my_bot/package.dsv'
[153.738s] INFO:colcon.colcon_core.shell:Creating package script '/home/rosdev/ros2_ws/src/my_bot/install/my_bot/share/my_bot/package.sh'
[153.771s] INFO:colcon.colcon_core.shell:Creating package script '/home/rosdev/ros2_ws/src/my_bot/install/my_bot/share/my_bot/package.bash'
[153.799s] INFO:colcon.colcon_core.shell:Creating package script '/home/rosdev/ros2_ws/src/my_bot/install/my_bot/share/my_bot/package.zsh'
[153.823s] Level 1:colcon.colcon_core.environment:create_file_with_runtime_dependencies(/home/rosdev/ros2_ws/src/my_bot/install/my_bot/share/colcon-core/packages/my_bot)
[153.877s] Level 1:colcon.colcon_core.environment:create_environment_scripts_only(my_bot)
[153.877s] Level 1:colcon.colcon_core.environment:checking '/home/rosdev/ros2_ws/src/my_bot/install/my_bot' for CMake module files
[154.045s] Level 1:colcon.colcon_core.environment:checking '/home/rosdev/ros2_ws/src/my_bot/install/my_bot' for CMake config files
[154.237s] Level 1:colcon.colcon_core.shell:create_environment_hook('my_bot', 'cmake_prefix_path')
[154.238s] INFO:colcon.colcon_core.shell:Creating environment hook '/home/rosdev/ros2_ws/src/my_bot/install/my_bot/share/my_bot/hook/cmake_prefix_path.ps1'
[154.268s] INFO:colcon.colcon_core.shell:Creating environment descriptor '/home/rosdev/ros2_ws/src/my_bot/install/my_bot/share/my_bot/hook/cmake_prefix_path.dsv'
[154.290s] INFO:colcon.colcon_core.shell:Creating environment hook '/home/rosdev/ros2_ws/src/my_bot/install/my_bot/share/my_bot/hook/cmake_prefix_path.sh'
[154.323s] Level 1:colcon.colcon_core.environment:checking '/home/rosdev/ros2_ws/src/my_bot/install/my_bot/bin'
[154.326s] Level 1:colcon.colcon_core.environment:checking '/home/rosdev/ros2_ws/src/my_bot/install/my_bot/lib/pkgconfig/my_bot.pc'
[154.328s] Level 1:colcon.colcon_core.environment:checking '/home/rosdev/ros2_ws/src/my_bot/install/my_bot/lib/python3.10/site-packages'
[154.331s] Level 1:colcon.colcon_core.environment:checking '/home/rosdev/ros2_ws/src/my_bot/install/my_bot/bin'
[154.333s] INFO:colcon.colcon_core.shell:Creating package script '/home/rosdev/ros2_ws/src/my_bot/install/my_bot/share/my_bot/package.ps1'
[154.355s] INFO:colcon.colcon_core.shell:Creating package descriptor '/home/rosdev/ros2_ws/src/my_bot/install/my_bot/share/my_bot/package.dsv'
[154.384s] INFO:colcon.colcon_core.shell:Creating package script '/home/rosdev/ros2_ws/src/my_bot/install/my_bot/share/my_bot/package.sh'
[154.410s] INFO:colcon.colcon_core.shell:Creating package script '/home/rosdev/ros2_ws/src/my_bot/install/my_bot/share/my_bot/package.bash'
[154.433s] INFO:colcon.colcon_core.shell:Creating package script '/home/rosdev/ros2_ws/src/my_bot/install/my_bot/share/my_bot/package.zsh'
[154.455s] Level 1:colcon.colcon_core.environment:create_file_with_runtime_dependencies(/home/rosdev/ros2_ws/src/my_bot/install/my_bot/share/colcon-core/packages/my_bot)
[154.478s] DEBUG:colcon.colcon_parallel_executor.executor.parallel:closing loop
[154.479s] DEBUG:colcon.colcon_parallel_executor.executor.parallel:loop closed
[154.479s] DEBUG:colcon.colcon_parallel_executor.executor.parallel:run_until_complete finished with '0'
[154.480s] DEBUG:colcon.colcon_core.event_reactor:joining thread
[154.548s] INFO:colcon.colcon_core.plugin_system:Skipping extension 'colcon_notification.desktop_notification.notify_send': Could not find 'notify-send'
[154.549s] INFO:colcon.colcon_core.plugin_system:Skipping extension 'colcon_notification.desktop_notification.terminal_notifier': Not used on non-Darwin systems
[154.551s] INFO:colcon.colcon_core.plugin_system:Skipping extension 'colcon_notification.desktop_notification.win32': Not used on non-Windows systems
[154.552s] INFO:colcon.colcon_notification.desktop_notification:Sending desktop notification using 'notify2'
[154.555s] DEBUG:colcon.colcon_notification.desktop_notification.notify2:Failed to initialize notify2: org.freedesktop.DBus.Error.NotSupported: Unable to autolaunch a dbus-daemon without a $DISPLAY for X11
[154.555s] DEBUG:colcon.colcon_core.event_reactor:joined thread
[154.556s] INFO:colcon.colcon_core.shell:Creating prefix script '/home/rosdev/ros2_ws/src/my_bot/install/local_setup.ps1'
[154.570s] INFO:colcon.colcon_core.shell:Creating prefix util module '/home/rosdev/ros2_ws/src/my_bot/install/_local_setup_util_ps1.py'
[154.587s] INFO:colcon.colcon_core.shell:Creating prefix chain script '/home/rosdev/ros2_ws/src/my_bot/install/setup.ps1'
[154.627s] INFO:colcon.colcon_core.shell:Creating prefix script '/home/rosdev/ros2_ws/src/my_bot/install/local_setup.sh'
[154.640s] INFO:colcon.colcon_core.shell:Creating prefix util module '/home/rosdev/ros2_ws/src/my_bot/install/_local_setup_util_sh.py'
[154.656s] INFO:colcon.colcon_core.shell:Creating prefix chain script '/home/rosdev/ros2_ws/src/my_bot/install/setup.sh'
[154.690s] INFO:colcon.colcon_core.shell:Creating prefix script '/home/rosdev/ros2_ws/src/my_bot/install/local_setup.bash'
[154.703s] INFO:colcon.colcon_core.shell:Creating prefix chain script '/home/rosdev/ros2_ws/src/my_bot/install/setup.bash'
[154.736s] INFO:colcon.colcon_core.shell:Creating prefix script '/home/rosdev/ros2_ws/src/my_bot/install/local_setup.zsh'
[154.751s] INFO:colcon.colcon_core.shell:Creating prefix chain script '/home/rosdev/ros2_ws/src/my_bot/install/setup.zsh'
